3310703 3310703
['dec' 'ibis_id' 'ra']
3310703
202.7k/deg2 after radius cut
1840564 0.5559435563987467

M411
197.0k/deg2 after maskbits cut
56.0k/deg2  after 22.0 < fibmag < 25.25 cut
8.7k/deg2   after IBIS color > 0.1 cut
8.0k/deg2   after g-r < 0.7 cut
5.0k/deg2   after r-i < 0.35 cut
5.2k/deg2   after adding back faint sources
remove 1 targets with r_mag < 18

M438
197.0k/deg2 after maskbits cut
61.4k/deg2  after 22.0 < fibmag < 25.25 cut
10.9k/deg2  after IBIS color > 0.31 cut
6.5k/deg2   after g-r < 0.7 cut
5.2k/deg2   after r-i < 0.35 cut
5.4k/deg2   after adding back faint sources
remove 0 targets with r_mag < 18

M464
197.0k/deg2 after maskbits cut
65.8k/deg2  after 22.0 < fibmag < 25.25 cut
11.2k/deg2  after IBIS color > 0.3 cut
6.2k/deg2   after g-r < 0.7 cut
5.0k/deg2   after r-i < 0.35 cut
5.3k/deg2   after adding back faint sources
remove 1 targets with r_mag < 18

M490
197.0k/deg2 after maskbits cut
71.9k/deg2  after 22.0 < fibmag < 25.25 cut
10.5k/deg2  after IBIS color > 0.32 cut
6.1k/deg2   after g-r < 0.7 cut
4.9k/deg2   after r-i < 0.35 cut
5.3k/deg2   after adding back faint sources
remove 0 targets with r_mag < 18

M517
197.0k/deg2 after maskbits cut
75.8k/deg2  after 22.0 < fibmag < 25.25 cut
10.0k/deg2  after IBIS color > 0.29 cut
5.7k/deg2   after g-r < 0.8 cut
4.5k/deg2   after r-i < 0.4 cut
5.2k/deg2   after adding back faint sources
remove 3 targets with r_mag < 18

All combined:
5.2k/deg2   after adding M411
10.6k/deg2  after adding M438
14.7k/deg2  after adding M464
19.0k/deg2  after adding M490
23.1k/deg2  after adding M517

210159 0.11418184860727473
210159
