











M411
205419.8/deg2   initial
199805.0/deg2   after maskbits cut
41914.1/deg2    after 22.0 < fibmag < 25.0 cut
241.5/deg2  after IBIS color cut
236.6/deg2  after g-r < 0.7 cut
204.0/deg2  after r-i < 0.35 cut
209.9/deg2  after adding back rmag>25.0 sources
174.0/deg2  after removing shreds
remove 0 targets with r_mag < 18
LAE completeness: 37.2% (96/258)
LAE purity:       90.6% (96/106)

M438
205419.8/deg2   initial
199805.0/deg2   after maskbits cut
46048.2/deg2    after 22.0 < fibmag < 25.0 cut
231.1/deg2  after IBIS color cut
227.9/deg2  after g-r < 0.7 cut
201.9/deg2  after r-i < 0.35 cut
208.4/deg2  after adding back rmag>25.0 sources
170.3/deg2  after removing shreds
remove 0 targets with r_mag < 18
LAE completeness: 37.8% (104/275)
LAE purity:       92.9% (104/112)

M464
205419.8/deg2   initial
199805.0/deg2   after maskbits cut
49710.9/deg2    after 22.0 < fibmag < 25.0 cut
235.0/deg2  after IBIS color cut
218.2/deg2  after g-r < 0.7 cut
191.6/deg2  after r-i < 0.35 cut
197.2/deg2  after adding back rmag>25.0 sources
164.9/deg2  after removing shreds
remove 0 targets with r_mag < 18
LAE completeness: 39.7% (83/209)
LAE purity:       93.3% (83/89)

M490
205419.8/deg2   initial
199805.0/deg2   after maskbits cut
54815.9/deg2    after 22.0 < fibmag < 25.0 cut
350.1/deg2  after IBIS color cut
209.3/deg2  after g-r < 0.7 cut
192.0/deg2  after r-i < 0.35 cut
198.4/deg2  after adding back rmag>25.0 sources
147.1/deg2  after removing shreds
remove 0 targets with r_mag < 18
LAE completeness: 40.6% (71/175)
LAE purity:       84.5% (71/84)

M517
205419.8/deg2   initial
199805.0/deg2   after maskbits cut
58038.3/deg2    after 22.0 < fibmag < 25.0 cut
1193.2/deg2 after IBIS color cut
201.4/deg2  after g-r < 0.8 cut
187.4/deg2  after r-i < 0.4 cut
195.1/deg2  after adding back rmag>25.0 sources
115.5/deg2  after removing shreds
remove 0 targets with r_mag < 18
LAE completeness: 40.9% (63/154)
LAE purity:       90.0% (63/70)

All combined:
174.0/deg2  after adding M411
342.9/deg2  after adding M438
504.9/deg2  after adding M464
650.3/deg2  after adding M490
765.2/deg2  after adding M517
LAE completeness: 45.6% (414/907)
LAE purity:       90.8% (414/456)
