######################################## XMM-LSS ########################################
3310703
<ipython-input-1-6c5cbfc83638>:34: RuntimeWarning: divide by zero encountered in true_divide
  cat[band+'_psfdepth'] = -2.5*(np.log10((5/np.sqrt(cat['PSFDEPTH_'+band])))-9)
M411 -21.128860453053377
M438 -21.311675494127574
M464 -21.388231325127464
M490 -21.43460704022616
M517 -21.453682841824342

######################################## COSMOS ########################################
3097790
<ipython-input-1-6c5cbfc83638>:63: RuntimeWarning: divide by zero encountered in true_divide
  cat[band+'_psfdepth'] = -2.5*(np.log10((5/np.sqrt(cat['PSFDEPTH_'+band])))-9)
M411 -21.104710337067203
M438 -21.303857604676605
M464 -21.372831647891775
M490 -21.428007163679624
M517 -21.439100116693044

median_zp_xmm
{'M411': -21.128860453053377, 'M438': -21.311675494127574, 'M464': -21.388231325127464, 'M490': -21.43460704022616, 'M517': -21.453682841824342}

median_zp_cosmos
{'M411': -21.104710337067203, 'M438': -21.303857604676605, 'M464': -21.372831647891775, 'M490': -21.428007163679624, 'M517': -21.439100116693044}
XMM-LSS vs COSMOS:
M411: -0.024
M438: -0.008
M464: -0.015
M490: -0.007
M517: -0.015

Average ZP:
{'M411': -21.117, 'M438': -21.308, 'M464': -21.381, 'M490': -21.431, 'M517': -21.446}

Nominal efftime:
{'M411': 1278.1, 'M438': 899.1, 'M464': 786.3, 'M490': 716.1, 'M517': 696.4}

