3097790 3097790
['dec' 'ibis_id' 'ra']
3097790
radius cut 1929814 0.622964758747365
82.4% within 1.60 deg radius

M411
197730.7/deg2   initial
191069.5/deg2   after maskbits cut
55956.0/deg2    after 22.0 < fibmag < 25.25 cut
6352.0/deg2 after IBIS color cut
6094.6/deg2 after g-r < 0.7 cut
3913.1/deg2 after r-i < 0.35 cut
3993.7/deg2 after adding back rmag>25.0 sources
3792.0/deg2 after removing shreds
remove 0 targets with r_mag < 18

M438
197730.7/deg2   initial
191069.5/deg2   after maskbits cut
61791.8/deg2    after 22.0 < fibmag < 25.25 cut
6989.0/deg2 after IBIS color cut
6572.1/deg2 after g-r < 0.7 cut
4485.9/deg2 after r-i < 0.35 cut
4627.2/deg2 after adding back rmag>25.0 sources
4395.5/deg2 after removing shreds
remove 0 targets with r_mag < 18

M464
197730.7/deg2   initial
191069.5/deg2   after maskbits cut
65352.4/deg2    after 22.0 < fibmag < 25.25 cut
8508.6/deg2 after IBIS color cut
5967.4/deg2 after g-r < 0.7 cut
4476.2/deg2 after r-i < 0.35 cut
4543.6/deg2 after adding back rmag>25.0 sources
4228.5/deg2 after removing shreds
remove 0 targets with r_mag < 18

M490
197730.7/deg2   initial
191069.5/deg2   after maskbits cut
70655.8/deg2    after 22.0 < fibmag < 25.25 cut
10564.2/deg2    after IBIS color cut
4975.0/deg2 after g-r < 0.8 cut
4113.7/deg2 after r-i < 0.35 cut
4176.9/deg2 after adding back rmag>25.0 sources
3725.3/deg2 after removing shreds
remove 0 targets with r_mag < 18

M517
197730.7/deg2   initial
191069.5/deg2   after maskbits cut
74806.8/deg2    after 22.0 < fibmag < 25.25 cut
11831.4/deg2    after IBIS color cut
4706.0/deg2 after g-r < 0.9 cut
4167.7/deg2 after r-i < 0.4 cut
4224.6/deg2 after adding back rmag>25.0 sources
3676.2/deg2 after removing shreds
remove 0 targets with r_mag < 18

All combined:
3792.0/deg2 after adding M411
7887.2/deg2 after adding M438
11675.9/deg2    after adding M464
15012.2/deg2    after adding M490
18095.2/deg2    after adding M517
Filler LAEs: 198336
after excluding the primary LAEs: 187328

###################### Check the density with FIBMAG_MAX = 25.0 ######################

M411
197730.7/deg2   initial
191069.5/deg2   after maskbits cut
41907.9/deg2    after 22.0 < fibmag < 25.0 cut
3441.1/deg2 after IBIS color cut
3325.3/deg2 after g-r < 0.7 cut
2144.6/deg2 after r-i < 0.35 cut
2164.0/deg2 after adding back rmag>25.0 sources
2031.0/deg2 after removing shreds
remove 0 targets with r_mag < 18

M438
197730.7/deg2   initial
191069.5/deg2   after maskbits cut
46317.7/deg2    after 22.0 < fibmag < 25.0 cut
3373.3/deg2 after IBIS color cut
3203.2/deg2 after g-r < 0.7 cut
2206.5/deg2 after r-i < 0.35 cut
2229.8/deg2 after adding back rmag>25.0 sources
2085.9/deg2 after removing shreds
remove 0 targets with r_mag < 18

M464
197730.7/deg2   initial
191069.5/deg2   after maskbits cut
49604.9/deg2    after 22.0 < fibmag < 25.0 cut
5018.9/deg2 after IBIS color cut
3019.2/deg2 after g-r < 0.7 cut
2336.3/deg2 after r-i < 0.35 cut
2354.6/deg2 after adding back rmag>25.0 sources
2147.3/deg2 after removing shreds
remove 0 targets with r_mag < 18

M490
197730.7/deg2   initial
191069.5/deg2   after maskbits cut
54050.3/deg2    after 22.0 < fibmag < 25.0 cut
7753.5/deg2 after IBIS color cut
2980.5/deg2 after g-r < 0.8 cut
2546.0/deg2 after r-i < 0.35 cut
2570.2/deg2 after adding back rmag>25.0 sources
2254.7/deg2 after removing shreds
remove 0 targets with r_mag < 18

M517
197730.7/deg2   initial
191069.5/deg2   after maskbits cut
57576.4/deg2    after 22.0 < fibmag < 25.0 cut
9345.1/deg2 after IBIS color cut
3142.4/deg2 after g-r < 0.9 cut
2820.0/deg2 after r-i < 0.4 cut
2846.0/deg2 after adding back rmag>25.0 sources
2459.1/deg2 after removing shreds
remove 0 targets with r_mag < 18

All combined:
2031.0/deg2 after adding M411
3999.6/deg2 after adding M438
6007.2/deg2 after adding M464
8104.5/deg2 after adding M490
10219.5/deg2    after adding M517
